Microchip MPLAB XC8 Compiler V2.35

Linker command line:

-W-3 --edf=C:\Program Files\Microchip\xc8\v2.35\pic\dat\en_msgs.txt -cn \
  -h+dist/default/production\LAB10.X.production.sym \
  --cmf=dist/default/production\LAB10.X.production.cmf -z -Q16F887 \
  -oC:\Users\CATU\AppData\Local\Temp\xcAsa50.4 --defsym=__MPLAB_BUILD=1 \
  -Mdist/default/production/LAB10.X.production.map \
  --md=C:\Users\CATU\AppData\Local\Temp\xcAsa50.dat -E1 -ver=XC8 Compiler \
  --acfsm=1493 -ACODE=00h-07FFhx4 -ASTRCODE=00h-01FFFh -ASTRING=00h-0FFhx32 \
  -ACONST=00h-0FFhx32 -AENTRY=00h-0FFhx32 -ACOMMON=070h-07Fh \
  -ABANK0=020h-06Fh -ABANK1=0A0h-0EFh -ABANK2=0110h-016Fh \
  -ABANK3=0190h-01EFh -ARAM=020h-06Fh,0A0h-0EFh,0110h-016Fh,0190h-01EFh \
  -AABS1=020h-07Fh,0A0h-0EFh,0110h-016Fh,0190h-01EFh -ASFR0=00h-01Fh \
  -ASFR1=080h-09Fh -ASFR2=0100h-010Fh -ASFR3=0180h-018Fh \
  -ACONFIG=02007h-02008h -DCONFIG=2 -AIDLOC=02000h-02003h -DIDLOC=2 \
  -AEEDATA=00h-0FFh/02100h -peeprom_data=EEDATA -DEEDATA=2 -DCODE=2 \
  -DSTRCODE=2 -DSTRING=2 -DCONST=2 -DENTRY=2 \
  -preset_vec=00h,intentry=04h,init,end_init -ppowerup=CODE -pcinit=CODE \
  -pfunctab=ENTRY -k C:\Users\CATU\AppData\Local\Temp\xcAsa50.o \
  dist/default/production\LAB10.X.production.o 

Object code version is 3.11

Machine type is 16F887



                Name                               Link     Load   Length Selector   Space Scale
C:\Users\CATU\AppData\Local\Temp\xcAsa50.o
                end_init                             10       10        3        8       0
                reset_vec                             0        0        3        0       0
                config                             2007     2007        2        0       4
                idloc                              2000     2000        4        0       5
dist/default/production\LAB10.X.production.o
                cinit                                13       13       1E        8       0
                intentry                              4        4        C        8       0
                config                             2007     2007        2        0       4
                idloc                              2000     2000        4        0       5
                text8                               34C      34C        C      498       0
                text7                               2FB      2FB       1F      498       0
                text6                               297      297       41      498       0
                text5                                FA       FA       69        8       0
                text4                               163      163       5B        8       0
                text3                               33E      33E        E      498       0
                text2                               2D8      2D8       23      498       0
                text1                               24C      24C       4B      498       0
                maintext                             31       31       C9        8       0
                cstackBANK0                          3D       3D        C       20       1
                cstackCOMMON                         70       70        8       70       1
                inittext                            31A      31A       13      498       0
                dataBANK0                            20       20       11       20       1
                bssBANK0                             31       31        C       20       1
                strings                             200      200       4C      400       0
                idataBANK0                          32D      32D       11      498       0

TOTAL           Name                               Link     Load   Length     Space
        CLASS   CODE           
                end_init                             10       10        3         0
                cinit                                13       13       1E         0
                intentry                              4        4        C         0
                reset_vec                             0        0        3         0
                text8                               34C      34C        C         0
                text7                               2FB      2FB       1F         0
                text6                               297      297       41         0
                text5                                FA       FA       69         0
                text4                               163      163       5B         0
                text3                               33E      33E        E         0
                text2                               2D8      2D8       23         0
                text1                               24C      24C       4B         0
                maintext                             31       31       C9         0
                inittext                            31A      31A       13         0
                idataBANK0                          32D      32D       11         0

        CLASS   STRCODE        

        CLASS   STRING         
                strings                             200      200       4C         0

        CLASS   CONST          

        CLASS   ENTRY          

        CLASS   COMMON         
                cstackCOMMON                         70       70        8         1

        CLASS   BANK0          
                cstackBANK0                          3D       3D        C         1
                dataBANK0                            20       20       11         1
                bssBANK0                             31       31        C         1

        CLASS   BANK1          

        CLASS   BANK2          

        CLASS   BANK3          

        CLASS   RAM            

        CLASS   ABS1           
                abs_s1                               7E       7E        2         1

        CLASS   SFR0           

        CLASS   SFR1           

        CLASS   SFR2           

        CLASS   SFR3           

        CLASS   CONFIG         
                config                             2007     2007        2         4

        CLASS   IDLOC          
                idloc                              2000     2000        4         5

        CLASS   EEDATA         

        CLASS   STACK          



SEGMENTS        Name                           Load    Length   Top    Selector   Space  Class     Delta

                reset_vec                      000000  000003  000003         0       0  CODE        2
                intentry                       000004  0001BA  0001BE         8       0  CODE        2
                dataBANK0                      000020  000029  000049        20       1  BANK0       1
                cstackCOMMON                   000070  000008  000078        70       1  COMMON      1
                strings                        000200  00004C  00024C       400       0  STRING      2
                text1                          00024C  00010C  000358       498       0  CODE        2


UNUSED ADDRESS RANGES

        Name                Unused          Largest block    Delta
        BANK0            0049-006F             27           1
        BANK1            00A0-00EF             50           1
        BANK2            0110-016F             60           1
        BANK3            0190-01EF             60           1
        CODE             0003-0003              1           2
                         01BE-01FF             42
                         0358-1FFF            800
        COMMON           0078-007D              6           1
        CONST            0003-0003              1           2
                         01BE-01FF             42
                         0358-1FFF            100
        EEDATA           2100-21FF            100           2
        ENTRY            0003-0003              1           2
                         01BE-01FF             42
                         0358-1FFF            100
        RAM              0049-006F             27           1
                         00A0-00EF             50
                         0110-016F             60
                         0190-01EF             60
        SFR0             0000-001F             20           1
        SFR1             0080-009F             20           1
        SFR2             0100-010F             10           1
        SFR3             0180-018F             10           1
        STRCODE          0003-0003              1           2
                         01BE-01FF             42
                         0358-1FFF           1CA8
        STRING           0003-0003              1           2
                         01BE-01FF             42
                         0358-1FFF            100

                                  Symbol Table

?___awdiv                cstackBANK0  003D
?___awmod                cstackBANK0  003D
TX_usart@data            cstackBANK0  003D
_ADCON0bits              (abs)        001F
_ADCON1bits              (abs)        009F
_ADRESH                  (abs)        001E
_ANSEL                   (abs)        0188
_ANSELH                  (abs)        0189
_BAUDCTLbits             (abs)        0187
_INTCONbits              (abs)        000B
_OSCCONbits              (abs)        008F
_PIE1bits                (abs)        008C
_PIR1bits                (abs)        000C
_PORTB                   (abs)        0006
_RCREG                   (abs)        001A
_RCSTAbits               (abs)        0018
_SPBRG                   (abs)        0099
_SPBRGH                  (abs)        009A
_TRISA                   (abs)        0085
_TRISB                   (abs)        0086
_TXREG                   (abs)        0019
_TXSTAbits               (abs)        0098
_TX_usart                text3        033E
__Habs1                  abs1         0000
__Hbank0                 bank0        0000
__Hbank1                 bank1        0000
__Hbank2                 bank2        0000
__Hbank3                 bank3        0000
__HbssBANK0              bssBANK0     0000
__Hcinit                 cinit        0031
__Hclrtext               clrtext      0000
__Hcode                  code         0000
__Hcommon                common       0000
__Hconfig                config       2009
__HcstackBANK0           cstackBANK0  0000
__HcstackCOMMON          cstackCOMMON 0000
__HdataBANK0             dataBANK0    0000
__Heeprom_data           eeprom_data  0000
__Hend_init              end_init     0013
__Hfunctab               functab      0000
__HidataBANK0            idataBANK0   0000
__Hidloc                 idloc        2004
__Hinit                  init         0010
__Hinittext              inittext     0000
__Hintentry              intentry     0010
__Hmaintext              maintext     0000
__Hpowerup               powerup      0000
__Hram                   ram          0000
__Hreset_vec             reset_vec    0003
__Hsfr0                  sfr0         0000
__Hsfr1                  sfr1         0000
__Hsfr2                  sfr2         0000
__Hsfr3                  sfr3         0000
__Hspace_0               (abs)        0358
__Hspace_1               (abs)        0078
__Hspace_2               (abs)        0000
__Hspace_3               (abs)        0000
__Hspace_4               (abs)        4010
__Hstack                 stack        0000
__Hstrings               strings      0000
__Htext                  text         0000
__Labs1                  abs1         0000
__Lbank0                 bank0        0000
__Lbank1                 bank1        0000
__Lbank2                 bank2        0000
__Lbank3                 bank3        0000
__LbssBANK0              bssBANK0     0000
__Lcinit                 cinit        0013
__Lclrtext               clrtext      0000
__Lcode                  code         0000
__Lcommon                common       0000
__Lconfig                config       0000
__LcstackBANK0           cstackBANK0  0000
__LcstackCOMMON          cstackCOMMON 0000
__LdataBANK0             dataBANK0    0000
__Leeprom_data           eeprom_data  0000
__Lend_init              end_init     0010
__Lfunctab               functab      0000
__LidataBANK0            idataBANK0   0000
__Lidloc                 idloc        0000
__Linit                  init         0010
__Linittext              inittext     0000
__Lintentry              intentry     0004
__Lmaintext              maintext     0000
__Lpowerup               powerup      0000
__Lram                   ram          0000
__Lreset_vec             reset_vec    0000
__Lsfr0                  sfr0         0000
__Lsfr1                  sfr1         0000
__Lsfr2                  sfr2         0000
__Lsfr3                  sfr3         0000
__Lspace_0               (abs)        0000
__Lspace_1               (abs)        0000
__Lspace_2               (abs)        0000
__Lspace_3               (abs)        0000
__Lspace_4               (abs)        0000
__Lstack                 stack        0000
__Lstrings               strings      0000
__Ltext                  text         0000
__S0                     (abs)        0358
__S1                     (abs)        0078
__S3                     (abs)        0000
___awdiv                 text5        00FA
___awdiv@counter         cstackBANK0  0042
___awdiv@dividend        cstackBANK0  003F
___awdiv@divisor         cstackBANK0  003D
___awdiv@quotient        cstackBANK0  0044
___awdiv@sign            cstackBANK0  0043
___awmod                 text4        0163
___awmod@counter         cstackBANK0  0042
___awmod@dividend        cstackBANK0  003F
___awmod@divisor         cstackBANK0  003D
___awmod@sign            cstackBANK0  0043
___int_sp                stack        0000
___latbits               (abs)        0002
___sp                    stack        0000
___stackhi               (abs)        0000
___stacklo               (abs)        0000
__end_of_TX_usart        text3        034C
__end_of___awdiv         text5        0163
__end_of___awmod         text4        01BE
__end_of__initialization cinit        002D
__end_of__stringtab      strings      0206
__end_of_cadena          text2        02FB
__end_of_isr             text6        02D8
__end_of_main            maintext     00FA
__end_of_setup           text1        0297
__end_ofi1_TX_usart      text8        0358
__end_ofi1_cadena        text7        031A
__initialization         cinit        0013
__pbssBANK0              bssBANK0     0031
__pcstackBANK0           cstackBANK0  003D
__pcstackCOMMON          cstackCOMMON 0070
__pdataBANK0             dataBANK0    0020
__pidataBANK0            idataBANK0   032D
__pintentry              intentry     0004
__pmaintext              maintext     0031
__pstrings               strings      0200
__ptext1                 text1        024C
__ptext2                 text2        02D8
__ptext3                 text3        033E
__ptext4                 text4        0163
__ptext5                 text5        00FA
__ptext6                 text6        0297
__ptext7                 text7        02FB
__ptext8                 text8        034C
__stringbase             strings      0205
__stringtab              strings      0200
_bandera                 bssBANK0     003A
_cadena                  text2        02D8
_centenas                bssBANK0     0038
_centenas2               bssBANK0     0035
_decenas                 bssBANK0     0037
_decenas2                bssBANK0     0034
_entrada                 bssBANK0     003B
_indice                  bssBANK0     003C
_indice2                 bssBANK0     0031
_isr                     text6        0297
_lectura_adc             bssBANK0     0039
_main                    maintext     0031
_mensaje2                dataBANK0    002A
_remainder               bssBANK0     0032
_setup                   text1        024C
_tabla                   dataBANK0    0020
_unidades                bssBANK0     0036
_unidades2               bssBANK0     0033
btemp                    (abs)        007E
cadena@str               cstackBANK0  003F
end_of_initialization    cinit        002D
i1TX_usart@data          cstackCOMMON 0070
i1_TX_usart              text8        034C
i1_cadena                text7        02FB
i1cadena@str             cstackCOMMON 0072
init_fetch0              inittext     031A
init_ram0                inittext     031E
interrupt_function       intentry     0004
intlevel0                functab      0000
intlevel1                functab      0000
intlevel2                functab      0000
intlevel3                functab      0000
intlevel4                functab      0000
intlevel5                functab      0000
reset_vec                reset_vec    0000
saved_w                  (abs)        007E
start                    init         0010
start_initialization     cinit        0013
wtemp0                   (abs)        007E


MODULE INFORMATION

Module		Function		Class		Link	Load	Size
C:\Program Files\Microchip\xc8\v2.35\pic\sources\c90\common\awmod.c
		___awmod       		CODE           	0163	0000	91

C:\Program Files\Microchip\xc8\v2.35\pic\sources\c90\common\awmod.c estimated size: 91

C:\Program Files\Microchip\xc8\v2.35\pic\sources\c90\common\awdiv.c
		___awdiv       		CODE           	00FA	0000	105

C:\Program Files\Microchip\xc8\v2.35\pic\sources\c90\common\awdiv.c estimated size: 105

shared
		__stringtab    		STRING         	0200	0000	6
		__initialization		CODE           	0013	0000	26
		i1_TX_usart    		CODE           	034C	0000	12
		i1_cadena      		CODE           	02FB	0000	31

shared estimated size: 75

main.c
		_main          		CODE           	0031	0000	201
		_cadena        		CODE           	02D8	0000	35
		_isr           		CODE           	0297	0000	65
		_TX_usart      		CODE           	033E	0000	14
		_setup         		CODE           	024C	0000	75

main.c estimated size: 390

